Fitter report for spi2kb5x8
Thu Mar 25 18:25:36 2021
Quartus II 64-Bit Version 13.0.1 Build 232 06/12/2013 Service Pack 1 SJ Web Edition


---------------------
; Table of Contents ;
---------------------
  1. Legal Notice
  2. Fitter Summary
  3. Fitter Settings
  4. Parallel Compilation
  5. Pin-Out File
  6. Fitter Resource Usage Summary
  7. Input Pins
  8. Output Pins
  9. All Package Pins
 10. Output Pin Default Load For Reported TCO
 11. Fitter Resource Utilization by Entity
 12. Control Signals
 13. Non-Global High Fan-Out Signals
 14. Other Routing Usage Summary
 15. LAB Macrocells
 16. Parallel Expander
 17. Logic Cell Interconnection
 18. Fitter Device Options
 19. Fitter Messages



----------------
; Legal Notice ;
----------------
Copyright (C) 1991-2013 Altera Corporation
Your use of Altera Corporation's design tools, logic functions 
and other software and tools, and its AMPP partner logic 
functions, and any output files from any of the foregoing 
(including device programming or simulation files), and any 
associated documentation or information are expressly subject 
to the terms and conditions of the Altera Program License 
Subscription Agreement, Altera MegaCore Function License 
Agreement, or other applicable license agreement, including, 
without limitation, that your use is for the sole purpose of 
programming logic devices manufactured by Altera and sold by 
Altera or its authorized distributors.  Please refer to the 
applicable agreement for further details.



+-----------------------------------------------------------------------------+
; Fitter Summary                                                              ;
+---------------------------+-------------------------------------------------+
; Fitter Status             ; Successful - Thu Mar 25 18:25:36 2021           ;
; Quartus II 64-Bit Version ; 13.0.1 Build 232 06/12/2013 SP 1 SJ Web Edition ;
; Revision Name             ; spi2kb5x8                                       ;
; Top-level Entity Name     ; spi2kb5x8                                       ;
; Family                    ; MAX7000S                                        ;
; Device                    ; EPM7064SLC44-10                                 ;
; Timing Models             ; Final                                           ;
; Total macrocells          ; 51 / 64 ( 80 % )                                ;
; Total pins                ; 20 / 36 ( 56 % )                                ;
+---------------------------+-------------------------------------------------+


+--------------------------------------------------------------------------------------------------------------+
; Fitter Settings                                                                                              ;
+----------------------------------------------------------------------------+-----------------+---------------+
; Option                                                                     ; Setting         ; Default Value ;
+----------------------------------------------------------------------------+-----------------+---------------+
; Device                                                                     ; EPM7064SLC44-10 ;               ;
; Use smart compilation                                                      ; Off             ; Off           ;
; Enable parallel Assembler and TimeQuest Timing Analyzer during compilation ; On              ; On            ;
; Enable compact report table                                                ; Off             ; Off           ;
; Optimize Multi-Corner Timing                                               ; Off             ; Off           ;
; Optimize Timing for ECOs                                                   ; Off             ; Off           ;
; Regenerate full fit report during ECO compiles                             ; Off             ; Off           ;
; Optimize IOC Register Placement for Timing                                 ; Normal          ; Normal        ;
; Fitter Initial Placement Seed                                              ; 1               ; 1             ;
; Slow Slew Rate                                                             ; Off             ; Off           ;
; Fitter Effort                                                              ; Auto Fit        ; Auto Fit      ;
; Force Fitter to Avoid Periphery Placement Warnings                         ; Off             ; Off           ;
+----------------------------------------------------------------------------+-----------------+---------------+


Parallel compilation was disabled, but you have multiple processors available. Enable parallel compilation to reduce compilation time.
+-------------------------------------+
; Parallel Compilation                ;
+----------------------------+--------+
; Processors                 ; Number ;
+----------------------------+--------+
; Number detected on machine ; 12     ;
; Maximum allowed            ; 1      ;
+----------------------------+--------+


+--------------+
; Pin-Out File ;
+--------------+
The pin-out file can be found in C:/Users/union/Documents/Projects/Speccy/usb2spectrum/spi2kb5x8/output_files/spi2kb5x8.pin.


+-------------------------------------------------+
; Fitter Resource Usage Summary                   ;
+------------------------------+------------------+
; Resource                     ; Usage            ;
+------------------------------+------------------+
; Logic cells                  ; 51 / 64 ( 80 % ) ;
; Registers                    ; 40 / 64 ( 63 % ) ;
; Number of pterms used        ; 124              ;
; I/O pins                     ; 20 / 36 ( 56 % ) ;
;     -- Clock pins            ; 0 / 2 ( 0 % )    ;
;     -- Dedicated input pins  ; 0 / 2 ( 0 % )    ;
;                              ;                  ;
; Global signals               ; 0                ;
; Shareable expanders          ; 0 / 64 ( 0 % )   ;
; Parallel expanders           ; 2 / 60 ( 3 % )   ;
; Cells using turbo bit        ; 51 / 64 ( 80 % ) ;
; Maximum fan-out              ; 40               ;
; Highest non-global fan-out   ; 40               ;
; Total fan-out                ; 176              ;
; Average fan-out              ; 2.48             ;
+------------------------------+------------------+


+------------------------------------------------------------------------------------------------------------------------------------------------+
; Input Pins                                                                                                                                     ;
+----------+-------+----------+-----+-----------------------+--------------------+--------+----------------+--------------+----------------------+
; Name     ; Pin # ; I/O Bank ; LAB ; Combinational Fan-Out ; Registered Fan-Out ; Global ; Input Register ; I/O Standard ; Location assigned by ;
+----------+-------+----------+-----+-----------------------+--------------------+--------+----------------+--------------+----------------------+
; BA08_0   ; 14    ; --       ; 2   ; 5                     ; 0                  ; no     ; no             ; TTL          ; User                 ;
; BA09_1   ; 19    ; --       ; 2   ; 5                     ; 0                  ; no     ; no             ; TTL          ; User                 ;
; BA10_2   ; 33    ; --       ; 4   ; 5                     ; 0                  ; no     ; no             ; TTL          ; User                 ;
; BA11_3   ; 4     ; --       ; 1   ; 5                     ; 0                  ; no     ; no             ; TTL          ; User                 ;
; BA12_4   ; 37    ; --       ; 4   ; 5                     ; 0                  ; no     ; no             ; TTL          ; User                 ;
; BA13_5   ; 27    ; --       ; 3   ; 5                     ; 0                  ; no     ; no             ; TTL          ; User                 ;
; BA14_6   ; 18    ; --       ; 2   ; 5                     ; 0                  ; no     ; no             ; TTL          ; User                 ;
; BA15_7   ; 5     ; --       ; 1   ; 5                     ; 0                  ; no     ; no             ; TTL          ; User                 ;
; SPI_CLK  ; 40    ; --       ; 4   ; 40                    ; 0                  ; no     ; no             ; TTL          ; User                 ;
; SPI_CS   ; 41    ; --       ; 4   ; 5                     ; 0                  ; no     ; no             ; TTL          ; User                 ;
; SPI_MOSI ; 31    ; --       ; 3   ; 1                     ; 0                  ; no     ; no             ; TTL          ; User                 ;
+----------+-------+----------+-----+-----------------------+--------------------+--------+----------------+--------------+----------------------+


+------------------------------------------------------------------------------------------------------------------------------------------------------------------------------------------+
; Output Pins                                                                                                                                                                              ;
+------+-------+----------+-----+-----------------+----------------+------------+---------------+--------------+----------------------+-------+----------------------+---------------------+
; Name ; Pin # ; I/O Bank ; LAB ; Output Register ; Slow Slew Rate ; Open Drain ; TRI Primitive ; I/O Standard ; Location assigned by ; Load  ; Output Enable Source ; Output Enable Group ;
+------+-------+----------+-----+-----------------+----------------+------------+---------------+--------------+----------------------+-------+----------------------+---------------------+
; KL_0 ; 6     ; --       ; 1   ; no              ; no             ; no         ; yes           ; TTL          ; User                 ; 10 pF ; -                    ; -                   ;
; KL_1 ; 12    ; --       ; 1   ; no              ; no             ; no         ; yes           ; TTL          ; User                 ; 10 pF ; -                    ; -                   ;
; KL_2 ; 11    ; --       ; 1   ; no              ; no             ; no         ; yes           ; TTL          ; User                 ; 10 pF ; -                    ; -                   ;
; KL_3 ; 9     ; --       ; 1   ; no              ; no             ; no         ; yes           ; TTL          ; User                 ; 10 pF ; -                    ; -                   ;
; KL_4 ; 8     ; --       ; 1   ; no              ; no             ; no         ; yes           ; TTL          ; User                 ; 10 pF ; -                    ; -                   ;
+------+-------+----------+-----+-----------------+----------------+------------+---------------+--------------+----------------------+-------+----------------------+---------------------+


+-------------------------------------------------------------------------------------------------------+
; All Package Pins                                                                                      ;
+----------+------------+----------+----------------+--------+--------------+---------+-----------------+
; Location ; Pad Number ; I/O Bank ; Pin Name/Usage ; Dir.   ; I/O Standard ; Voltage ; User Assignment ;
+----------+------------+----------+----------------+--------+--------------+---------+-----------------+
; 1        ; 0          ; --       ; GND+           ;        ;              ;         ;                 ;
; 2        ; 1          ; --       ; GND+           ;        ;              ;         ;                 ;
; 3        ; 2          ; --       ; VCC            ; power  ;              ;         ;                 ;
; 4        ; 3          ; --       ; BA11_3         ; input  ; TTL          ;         ; Y               ;
; 5        ; 4          ; --       ; BA15_7         ; input  ; TTL          ;         ; Y               ;
; 6        ; 5          ; --       ; KL_0           ; output ; TTL          ;         ; Y               ;
; 7        ; 6          ; --       ; TDI            ; input  ; TTL          ;         ; N               ;
; 8        ; 7          ; --       ; KL_4           ; output ; TTL          ;         ; Y               ;
; 9        ; 8          ; --       ; KL_3           ; output ; TTL          ;         ; Y               ;
; 10       ; 9          ; --       ; GND            ; gnd    ;              ;         ;                 ;
; 11       ; 10         ; --       ; KL_2           ; output ; TTL          ;         ; Y               ;
; 12       ; 11         ; --       ; KL_1           ; output ; TTL          ;         ; Y               ;
; 13       ; 12         ; --       ; TMS            ; input  ; TTL          ;         ; N               ;
; 14       ; 13         ; --       ; BA08_0         ; input  ; TTL          ;         ; Y               ;
; 15       ; 14         ; --       ; VCC            ; power  ;              ;         ;                 ;
; 16       ; 15         ; --       ; RESERVED       ;        ;              ;         ;                 ;
; 17       ; 16         ; --       ; RESERVED       ;        ;              ;         ;                 ;
; 18       ; 17         ; --       ; BA14_6         ; input  ; TTL          ;         ; Y               ;
; 19       ; 18         ; --       ; BA09_1         ; input  ; TTL          ;         ; Y               ;
; 20       ; 19         ; --       ; RESERVED       ;        ;              ;         ;                 ;
; 21       ; 20         ; --       ; RESERVED       ;        ;              ;         ;                 ;
; 22       ; 21         ; --       ; GND            ; gnd    ;              ;         ;                 ;
; 23       ; 22         ; --       ; VCC            ; power  ;              ;         ;                 ;
; 24       ; 23         ; --       ; RESERVED       ;        ;              ;         ;                 ;
; 25       ; 24         ; --       ; RESERVED       ;        ;              ;         ;                 ;
; 26       ; 25         ; --       ; RESERVED       ;        ;              ;         ;                 ;
; 27       ; 26         ; --       ; BA13_5         ; input  ; TTL          ;         ; Y               ;
; 28       ; 27         ; --       ; RESERVED       ;        ;              ;         ;                 ;
; 29       ; 28         ; --       ; RESERVED       ;        ;              ;         ;                 ;
; 30       ; 29         ; --       ; GND            ; gnd    ;              ;         ;                 ;
; 31       ; 30         ; --       ; SPI_MOSI       ; input  ; TTL          ;         ; Y               ;
; 32       ; 31         ; --       ; TCK            ; input  ; TTL          ;         ; N               ;
; 33       ; 32         ; --       ; BA10_2         ; input  ; TTL          ;         ; Y               ;
; 34       ; 33         ; --       ; RESERVED       ;        ;              ;         ;                 ;
; 35       ; 34         ; --       ; VCC            ; power  ;              ;         ;                 ;
; 36       ; 35         ; --       ; RESERVED       ;        ;              ;         ;                 ;
; 37       ; 36         ; --       ; BA12_4         ; input  ; TTL          ;         ; Y               ;
; 38       ; 37         ; --       ; TDO            ; output ; TTL          ;         ; N               ;
; 39       ; 38         ; --       ; RESERVED       ;        ;              ;         ;                 ;
; 40       ; 39         ; --       ; SPI_CLK        ; input  ; TTL          ;         ; Y               ;
; 41       ; 40         ; --       ; SPI_CS         ; input  ; TTL          ;         ; Y               ;
; 42       ; 41         ; --       ; GND            ; gnd    ;              ;         ;                 ;
; 43       ; 42         ; --       ; GND+           ;        ;              ;         ;                 ;
; 44       ; 43         ; --       ; GND+           ;        ;              ;         ;                 ;
+----------+------------+----------+----------------+--------+--------------+---------+-----------------+
Note: Pin directions (input, output or bidir) are based on device operating in user mode.


+-----------------------------------------------+
; Output Pin Default Load For Reported TCO      ;
+--------------+-------+------------------------+
; I/O Standard ; Load  ; Termination Resistance ;
+--------------+-------+------------------------+
; TTL          ; 10 pF ; Not Available          ;
+--------------+-------+------------------------+
Note: User assignments will override these defaults. The user specified values are listed in the Output Pins and Bidir Pins tables.


+-------------------------------------------------------------------------------------+
; Fitter Resource Utilization by Entity                                               ;
+----------------------------+------------+------+---------------------+--------------+
; Compilation Hierarchy Node ; Macrocells ; Pins ; Full Hierarchy Name ; Library Name ;
+----------------------------+------------+------+---------------------+--------------+
; |spi2kb5x8                 ; 51         ; 20   ; |spi2kb5x8          ; work         ;
+----------------------------+------------+------+---------------------+--------------+


+-----------------------------------------------------------------------------------------+
; Control Signals                                                                         ;
+---------+----------+---------+-------+--------+----------------------+------------------+
; Name    ; Location ; Fan-Out ; Usage ; Global ; Global Resource Used ; Global Line Name ;
+---------+----------+---------+-------+--------+----------------------+------------------+
; SPI_CLK ; PIN_40   ; 40      ; Clock ; no     ; --                   ; --               ;
+---------+----------+---------+-------+--------+----------------------+------------------+


+---------------------------------+
; Non-Global High Fan-Out Signals ;
+-------------+-------------------+
; Name        ; Fan-Out           ;
+-------------+-------------------+
; SPI_CLK     ; 40                ;
; SPI_CS      ; 5                 ;
; BA08_0      ; 5                 ;
; BA09_1      ; 5                 ;
; BA11_3      ; 5                 ;
; BA10_2      ; 5                 ;
; BA12_4      ; 5                 ;
; BA14_6      ; 5                 ;
; BA13_5      ; 5                 ;
; BA15_7      ; 5                 ;
; 38          ; 2                 ;
; 37          ; 2                 ;
; 36          ; 2                 ;
; 34          ; 2                 ;
; 35          ; 2                 ;
; 33          ; 2                 ;
; 32          ; 2                 ;
; 31          ; 2                 ;
; 30          ; 2                 ;
; 29          ; 2                 ;
; 28          ; 2                 ;
; 26          ; 2                 ;
; 27          ; 2                 ;
; 25          ; 2                 ;
; 24          ; 2                 ;
; 23          ; 2                 ;
; 22          ; 2                 ;
; 21          ; 2                 ;
; 20          ; 2                 ;
; 18          ; 2                 ;
; 19          ; 2                 ;
; 17          ; 2                 ;
; 16          ; 2                 ;
; 15          ; 2                 ;
; 14          ; 2                 ;
; 13          ; 2                 ;
; 12          ; 2                 ;
; 10          ; 2                 ;
; 11          ; 2                 ;
; 9           ; 2                 ;
; 8           ; 2                 ;
; 7           ; 2                 ;
; 6           ; 2                 ;
; 5           ; 2                 ;
; 4           ; 2                 ;
; 3           ; 2                 ;
; 2           ; 2                 ;
; 1           ; 2                 ;
; 0           ; 2                 ;
; inst18~11   ; 1                 ;
; SPI_MOSI    ; 1                 ;
; inst60~0bal ; 1                 ;
; inst51~0bal ; 1                 ;
; inst33~0bal ; 1                 ;
; inst42~7    ; 1                 ;
; inst18~7    ; 1                 ;
; inst60~8    ; 1                 ;
; 39          ; 1                 ;
; inst51~8    ; 1                 ;
; inst42~5    ; 1                 ;
; inst33~8    ; 1                 ;
; inst18~5    ; 1                 ;
+-------------+-------------------+


+-------------------------------------------------+
; Other Routing Usage Summary                     ;
+-----------------------------+-------------------+
; Other Routing Resource Type ; Usage             ;
+-----------------------------+-------------------+
; Output enables              ; 1 / 6 ( 17 % )    ;
; PIA buffers                 ; 91 / 144 ( 63 % ) ;
+-----------------------------+-------------------+


+-----------------------------------------------------------------------+
; LAB Macrocells                                                        ;
+-----------------------------------------+-----------------------------+
; Number of Macrocells  (Average = 12.75) ; Number of LABs  (Total = 4) ;
+-----------------------------------------+-----------------------------+
; 0                                       ; 0                           ;
; 1                                       ; 0                           ;
; 2                                       ; 0                           ;
; 3                                       ; 0                           ;
; 4                                       ; 0                           ;
; 5                                       ; 0                           ;
; 6                                       ; 1                           ;
; 7                                       ; 0                           ;
; 8                                       ; 0                           ;
; 9                                       ; 0                           ;
; 10                                      ; 0                           ;
; 11                                      ; 0                           ;
; 12                                      ; 0                           ;
; 13                                      ; 1                           ;
; 14                                      ; 0                           ;
; 15                                      ; 0                           ;
; 16                                      ; 2                           ;
+-----------------------------------------+-----------------------------+


+---------------------------------------------------------+
; Parallel Expander                                       ;
+--------------------------+------------------------------+
; Parallel Expander Length ; Number of Parallel Expanders ;
+--------------------------+------------------------------+
; 0                        ; 0                            ;
; 1                        ; 2                            ;
+--------------------------+------------------------------+


+-----------------------------------------------------------------------------------------------------------+
; Logic Cell Interconnection                                                                                ;
+-----+------------+----------------------------------------------------------------------+-----------------+
; LAB ; Logic Cell ; Input                                                                ; Output          ;
+-----+------------+----------------------------------------------------------------------+-----------------+
;  A  ; LC1        ; inst33~0bal, BA10_2, 11, BA11_3, 10, BA09_1, 9, BA08_0, 8            ; KL_1            ;
;  A  ; LC11       ; inst18~5                                                             ; KL_0            ;
;  A  ; LC3        ; inst42~7, BA12_4, 20, BA10_2, 19, BA11_3, 18, BA09_1, 17, BA08_0, 16 ; KL_2            ;
;  A  ; LC4        ; inst51~0bal, BA10_2, 27, BA11_3, 26, BA09_1, 25, BA08_0, 24          ; KL_3            ;
;  A  ; LC5        ; inst60~0bal, BA10_2, 35, BA11_3, 34, BA09_1, 33, BA08_0, 32          ; KL_4            ;
;  A  ; LC2        ; BA15_7, 23, BA13_5, 21, BA14_6, 22                                   ; inst42~5        ;
;  B  ; LC25       ; 5, SPI_CLK                                                           ; 7, inst18~7     ;
;  B  ; LC26       ; 15, SPI_CLK                                                          ; 17, inst42~5    ;
;  B  ; LC30       ; 12, SPI_CLK                                                          ; 14, inst33~0bal ;
;  B  ; LC31       ; 3, SPI_CLK                                                           ; 5, inst18~5     ;
;  B  ; LC27       ; 4, SPI_CLK                                                           ; 6, inst18~7     ;
;  B  ; LC20       ; 6, SPI_CLK                                                           ; 8, inst18~7     ;
;  B  ; LC17       ; 7, SPI_CLK                                                           ; 9, inst33~8     ;
;  B  ; LC19       ; inst18~7, 4, BA12_4, 2, BA10_2, 3, BA11_3, 1, BA09_1, 0, BA08_0      ; inst18~11       ;
;  B  ; LC28       ; 13, SPI_CLK                                                          ; 15, inst33~0bal ;
;  B  ; LC29       ; 14, SPI_CLK                                                          ; 16, inst33~0bal ;
;  B  ; LC32       ; 36, SPI_CLK                                                          ; 38, inst60~0bal ;
;  B  ; LC21       ; 37, SPI_CLK                                                          ; 39, inst60~0bal ;
;  B  ; LC22       ; 38, SPI_CLK                                                          ; inst60~0bal     ;
;  B  ; LC18       ; 7, BA15_7, 5, BA13_5, 6, BA14_6                                      ; inst18~5        ;
;  B  ; LC23       ; BA15_7, 15, BA13_5, 13, BA14_6, 14, BA12_4, 12                       ; inst33~8        ;
;  B  ; LC24       ; BA15_7, 39, BA13_5, 37, BA14_6, 38, BA12_4, 36                       ; inst60~8        ;
;  C  ; LC46       ; 18, SPI_CLK                                                          ; 21, inst42~5    ;
;  C  ; LC35       ; 20, SPI_CLK                                                          ; 22, inst42~7    ;
;  C  ; LC42       ; 21, SPI_CLK                                                          ; 23, inst42~7    ;
;  C  ; LC33       ; SPI_MOSI, SPI_CLK                                                    ; 1, inst18~5     ;
;  C  ; LC48       ; 23, SPI_CLK                                                          ; 25, inst51~8    ;
;  C  ; LC36       ; 0, SPI_CLK                                                           ; 2, inst18~5     ;
;  C  ; LC44       ; 1, SPI_CLK                                                           ; 3, inst18~5     ;
;  C  ; LC40       ; 2, SPI_CLK                                                           ; 4, inst18~5     ;
;  C  ; LC34       ; 8, SPI_CLK                                                           ; 11, inst33~8    ;
;  C  ; LC37       ; 9, SPI_CLK                                                           ; 10, inst33~8    ;
;  C  ; LC38       ; 11, SPI_CLK                                                          ; 12, inst33~8    ;
;  C  ; LC43       ; 22, SPI_CLK                                                          ; 24, inst42~7    ;
;  C  ; LC47       ; 10, SPI_CLK                                                          ; 13, inst33~0bal ;
;  C  ; LC39       ; 16, SPI_CLK                                                          ; 19, inst42~5    ;
;  C  ; LC41       ; 17, SPI_CLK                                                          ; 18, inst42~5    ;
;  C  ; LC45       ; 19, SPI_CLK                                                          ; 20, inst42~5    ;
;  D  ; LC50       ; 25, SPI_CLK                                                          ; 26, inst51~8    ;
;  D  ; LC57       ; 35, SPI_CLK                                                          ; 36, inst60~8    ;
;  D  ; LC59       ; 34, SPI_CLK                                                          ; 37, inst60~0bal ;
;  D  ; LC51       ; 27, SPI_CLK                                                          ; 28, inst51~8    ;
;  D  ; LC55       ; 26, SPI_CLK                                                          ; 29, inst51~0bal ;
;  D  ; LC62       ; 28, SPI_CLK                                                          ; 30, inst51~0bal ;
;  D  ; LC61       ; 29, SPI_CLK                                                          ; 31, inst51~0bal ;
;  D  ; LC56       ; 30, SPI_CLK                                                          ; 32, inst51~0bal ;
;  D  ; LC58       ; 31, SPI_CLK                                                          ; 33, inst60~8    ;
;  D  ; LC49       ; 24, SPI_CLK                                                          ; 27, inst51~8    ;
;  D  ; LC60       ; BA15_7, 31, BA13_5, 29, BA14_6, 30, BA12_4, 28                       ; inst51~8        ;
;  D  ; LC53       ; 32, SPI_CLK                                                          ; 35, inst60~8    ;
;  D  ; LC54       ; 33, SPI_CLK                                                          ; 34, inst60~8    ;
+-----+------------+----------------------------------------------------------------------+-----------------+


+---------------------------------------------------------------+
; Fitter Device Options                                         ;
+----------------------------------------------+----------------+
; Option                                       ; Setting        ;
+----------------------------------------------+----------------+
; Enable user-supplied start-up clock (CLKUSR) ; Off            ;
; Enable device-wide reset (DEV_CLRn)          ; Off            ;
; Enable device-wide output enable (DEV_OE)    ; Off            ;
; Enable INIT_DONE output                      ; Off            ;
; Configuration scheme                         ; Passive Serial ;
; Security bit                                 ; Off            ;
; Base pin-out file on sameframe device        ; Off            ;
+----------------------------------------------+----------------+


+-----------------+
; Fitter Messages ;
+-----------------+
Warning (20028): Parallel compilation is not licensed and has been disabled
Info (119006): Selected device EPM7064SLC44-10 for design "spi2kb5x8"
Warning (163076): Macrocell buffer inserted after node "inst18~5"
Info: Quartus II 64-Bit Fitter was successful. 0 errors, 2 warnings
    Info: Peak virtual memory: 4676 megabytes
    Info: Processing ended: Thu Mar 25 18:25:36 2021
    Info: Elapsed time: 00:00:01
    Info: Total CPU time (on all processors): 00:00:01


